[   .0000]nitialin croupubs cpus
   0.000] nitializing cgroup subsys cpu
[    0.000000] Initializingcgupsubsyscpcc
[  00000 Lux verio4..0-19-neic (buldlcy01-d6-03) (ccerion 5.0 016060 (unu 5.4.6uuntu16049) )14Ubuntu SP n Apr 168:24TC018 Ubtu4.4.0-19.3-ener 4.114
  0.00000]omand neBOOT_IGEbootmluz-4.4.-1-gneriro=LAB=cudimrofsro consolety1 nse=ttyS
  0.0000 KRNEL spoed cs:
[   0.000]  Intel GuieIte
[  0.0000   A AhentcA
    00000]  CenturenaurHul
[   0.00] x8fp xstteffet[2  57, xsatsies[2  6
[  00000 x/fpu: uporin XSAV ftue 01: '7 floangpont rgier'
[  000000] x6/u: Spoin XSAE eare 0x02: 'SEregites'
[   00000] x8/f: upporting XSA fatre 0x4:AV regters'[   .000] x86/u:nabld tae fetus x7, ntxt siee is 32yts, usig tandar fmat.[   0.000]86/f: in 'lay'PUcontexswtches.[   0.000 e820:IO-proviedhyicalAMap:[  0.0000BIS-e80:me 0x0000000000x000000009ff] ab
[  000000]BIS-20: em0x00000000c0-00000000ff] eserved
   00000] OSe820[m 0x0000000f0000x000000ffff] reservd
[    0000000 BIO-e0:[memx00000000000-0x000007ffefff]sale
[  00000 BS-e820: [m 0000000ff000-x00000ffff] AC da
[    0.000]BIOSe820[mm 0x0000fec000x00000fe00ff rerve
[  0.00000]IO-e82: [me0x00000fe00000x000000fee0ff resered
[   00000]IOe820[m 0x00000ffc000x0000000ffff] rerved
[   00000] X xeute Disle procton activ
   0000] SIOS 2.5 present.
[    0.00000] Hyperso dette KVM
  0.0000 e0: las_pn 0x7f0 x_archfn 0x40000
[    00000] RRDisale
[   0.00000] 6/PAT: MTR disle skiinPA initalaton t.[   .0000] CP MRRall la -vitualedyste
   0.000] 86ATConfgutin 0-]:B WT  -   WB  WT  UC U 
[   00000] fndMP MP-bl at em0x009f0-0009ffffmape at [ff80000ff0]
[   .0000] Scanng areasor lw emryorupti
   0.000000] AMISK:me0x36aa000x754ef]
[  0.0000] AC: arly tlehecksumerficaonisable
[  0.0000] PI: DPx00000000000 000024(v VBO )
[  0.0000 AI:XSDT 0000007FF300000 (1 VBOX VXXSDT 00001 L 00001)[   0.0000] AC: CP0x000007FF00F 00F (v4 OX VBOAC000001SL  000006)
[  0.0000] CP DSDT 000000FF70 002FFv0 VBO  BOBIOS00002 IN 200528)
  0.0000 AI: FAC 0x00000007FFF02000040
[   00000]CP FCS 0000007FF00 00040   0.0000] ACI:APICx00000FF400000 (02VBOX VXAPI00001 AS  00061)
  0.0000 API SSDT 000000FF2A0 01C (v1 OX VBOXCPU 00002 IL 100528)
[  .00000NoNUMAonguraio fund
[  000000]akg a det [m 000000000000000-0000007ffff]
[   00000] NDEAT(0) loted me0xffeb0-7ffeff
[   0000] k-cck: inmsrsb5d0 andb5d00[  0.0000]vm-cckcpu , sr:7fe3001, prmay cpclk
[  00000] m-ock:si schedofetof 440664 cycles    0000 closoce: m-oc: ma: ffffffffffffaxycles: 0cd2e4dffb, m_idle_: 15905948ns
[    00000] neange
  0.0000] DMA   mem 0x0000000010-000000000fff]
[  000000]  A3    emx00000100000x0000007feff
[   0.0000  rml emy
[  000000  eve   emy
[   .0000]Mobl zonstt foea node   0.0000] Eary memoryodrangs   0.000   node  0[mem 000000000010000x000000009ef]
[    0.000000]   ode  0[mem x000000000000-0x00007ffeff
[    0.000] nitm sup nod0 me 0x000000001000x000000ffff]
[   000000ACI:PM-TimerO rt: 0x08
[   00000] OAIC]: apiid, veio 32, ddess fec00000 GI -2
[  000000] AI:NT_SC_R bus 0 usir 0 gbairq  dl fl
[   .0000] ACP: T_RC_OR us0 bus_ir 9 loalirq lo lvel)
   0000000Usng API (AD fr SM cfiuraton inforaton
[    0.0000] smbot: Along2 CPUs, 0 hotplug CPU
[  0.0000PM: egsted nosavememor [me0x000000-0x000fff]
[   00000]M:Reistere nav memory: [em0x0009000x09ffff]
[   00000] P: egstred nosavemeory: [me 0000000-0x0eff]
[    .0000] PM:Restred noveemory:me 0000f00-000ffff][   0.0000 e20: [emx80000000xebfff] avaibl for P dices
[    000000] otg parartlizedkerl n KVM[   0.0000 cocksur: efind-jiffies msk: ffffff mx_cle: 0xffffff, max_dlns 7645519021568 n
[  0.0000setup_percu:R_PUS:2 _cpumaskbi:52 nrcp_ids2 r_od_is:1[  0.00000PECPU: Embedded 34 gecpu @ff807fc0000 954 r819 d1528 u108576
[  0.000000]PVqspilok hash table entries: 256 (orde: 0,40 btes)
[   .0000] Buit  znelist i Nde ordr,obli gupin on. Toalpage: 150
[  0000000Poic zone:DM2
[  0.0000 Krn comma lne:BOOTIMAG/bot/vmluz4.4.0-19-enri roo=LELclouim-rots ro cosoe=ty1 nslettyS0[  0.00000 PD ash blentrie: 406 orer:  368 bytes
[  0.0000]emory:203332/209696K vailale (852Kkene code,133Krwata,396Krodaa,15K init,13K ss, 86K esered0K cmarervd)
  0.00000]SLB:HWlign=4,rdr=0-, nOject0,PUs=2, Ndes1
[    0000] KeelUser pgetaes isoatonenabed
[   .0000] HerrchicaRCimplemntio.
[    0.0000] Build-medjustmt of ea fanou t64
[   .0000] 	R rsticti CUsfromR_US=512to nr_u_ds=2
[  0.0000RCU:djustig geet for ru_not_leaf64nrcpu_s=
[    0.000 NR_IRS:02 nr_rqs:44 1
[   00000] Cnsle:colo VA+80x25
[    0.0000 consoe ty1 enaed
[   00000] nse [tty] able
[  0.000000] tsc: Detected 2903.998 MHz processor
[   28.047494] Calibrating delay loop (skipped) preset value.. 5807.99 BogoMIPS (lpj=11615992)
[   28.241019] pid_max: default: 32768 minimum: 301
[   28.351445] ACPI: Core revision 20150930
[   28.440393] ACPI: 2 ACPI AML tables successfully acquired and loaded
[   28.578869] Security Framework initialized
[   28.681935] Yama: becoming mindful.
[   28.770699] AppArmor: AppArmor initialized
[   28.872608] Dentry cache hash table entries: 262144 (order: 9, 2097152 bytes)
[   29.039155] Inode-cache hash table entries: 131072 (order: 8, 1048576 bytes)
[   29.205246] Mount-cache hash table entries: 4096 (order: 3, 32768 bytes)
[   29.368167] Mountpoint-cache hash table entries: 4096 (order: 3, 32768 bytes)
[   29.527075] Initializing cgroup subsys io
[   29.624564] Initializing cgroup subsys memory
[   29.738041] Initializing cgroup subsys devices
[   29.834990] Initializing cgroup subsys freezer
[   29.934599] Initializing cgroup subsys net_cls
[   30.042101] Initializing cgroup subsys perf_event
[   30.144699] Initializing cgroup subsys net_prio
[   30.238942] Initializing cgroup subsys hugetlb
[   30.311603] Initializing cgroup subsys pids
[   30.397116] CPU: Physical Processor ID: 0
[   30.503037] CPU: Processor Core ID: 0
[   30.567324] FEATURE SPEC_CTRL Not Present
[   30.672205] mce: CPU supports 0 MCE banks
[   30.734770] Last level iTLB entries: 4KB 64, 2MB 8, 4MB 8
[   30.868823] Last level dTLB entries: 4KB 64, 2MB 0, 4MB 0, 1GB 4
[   31.003515] Spectre V2 mitigation: Mitigation: Full generic retpoline
[   31.152417] Spectre V2 mitigation: Speculation control IBPB not-supported IBRS not-supported
[   31.339602] Spectre V2 mitigation: Filling RSB on context switch
[   31.473996] Freeing SMP alternatives memory: 32K
[   31.584552] ftrace: allocating 32195 entries in 126 pages
[   31.750594] smpboot: APIC(0) Converting physical 0 to logical package 0
[   31.887498] smpboot: Max logical packages: 1
[   31.999258] x2apic enabled
[   32.073957] Switched APIC routing to physical x2apic.
[   32.200684] ..TIMER: vector=0x30 apic1=0 pin1=2 apic2=-1 pin2=-1
[   32.439467] smpboot: CPU0: Intel(R) Core(TM) i7-7820HQ CPU @ 2.90GHz (family: 0x6, model: 0x9e, stepping: 0x9)
[   32.670250] Performance Events: unsupported p6 CPU model 158 no PMU driver, software events only.
[   32.858544] KVM setup paravirtual spinlock
[   32.960810] x86: Booting SMP configuration:
[   33.064835] .... node  #0, CPUs:      #1
[   33.147956] kvm-clock: cpu 1, msr 0:7ffe3041, secondary cpu clock
[   33.249414] mce: CPU supports 0 MCE banks
[   33.325429] x86: Booted up 1 node, 2 CPUs
[   33.412713] smpboot: Total of 2 processors activated (11615.99 BogoMIPS)
[   33.557237] devtmpfs: initialized
[   33.627997] evm: security.selinux
[   33.691728] evm: security.SMACK64
[   33.748559] evm: security.SMACK64EXEC
[   33.819684] evm: security.SMACK64TRANSMUTE
[   33.883881] evm: security.SMACK64MMAP
[   33.958463] evm: security.ima
[   34.025309] evm: security.capability
[   34.090537] clocksource: jiffies: mask: 0xffffffff max_cycles: 0xffffffff, max_idle_ns: 7645041785100000 ns
[   34.282960] futex hash table entries: 512 (order: 3, 32768 bytes)
[   34.377506] pinctrl core: initialized pinctrl subsystem
[   34.477483] RTC time: 19:14:35, date: 05/06/18
[   34.575132] NET: Registered protocol family 16
[   34.661552] cpuidle: using governor ladder
[   34.761855] cpuidle: using governor menu
[   34.844289] PCCT header not found.
[   34.922092] ACPI: bus type PCI registered
[   35.007253] acpiphp: ACPI Hot Plug PCI Controller Driver version: 0.5
[   35.114083] PCI: Using configuration type 1 for base access
[   35.226840] ACPI: Added _OSI(Module Device)
[   35.303369] ACPI: Added _OSI(Processor Device)
[   35.381755] ACPI: Added _OSI(3.0 _SCP Extensions)
[   35.456909] ACPI: Added _OSI(Processor Aggregator Device)
[   35.551461] ACPI: Executed 1 blocks of module-level executable AML code
[   35.675092] ACPI: Interpreter enabled
[   35.751078] ACPI: (supports S0 S5)
[   35.813127] ACPI: Using IOAPIC for interrupt routing
[   35.894947] PCI: Using host bridge windows from ACPI; if necessary, use "pci=nocrs" and report a bug
[   36.076654] ACPI: PCI Root Bridge [PCI0] (domain 0000 [bus 00-ff])
[   36.177024] acpi PNP0A03:00: _OSC: OS supports [ASPM ClockPM Segments MSI]
[   36.289897] acpi PNP0A03:00: _OSC: not requesting OS control; OS requires [ExtendedConfig ASPM ClockPM MSI]
[   36.405283] acpi PNP0A03:00: fail to add MMCONFIG information, can't access extended PCI configuration space under this bridge.
[   36.621662] PCI host bridge to bus 0000:00
[   36.691395] pci_bus 0000:00: root bus resource [io  0x0000-0x0cf7 window]
[   36.822726] pci_bus 0000:00: root bus resource [io  0x0d00-0xffff window]
[   36.937171] pci_bus 0000:00: root bus resource [mem 0x000a0000-0x000bffff window]
[   37.012098] pci_bus 0000:00: root bus resource [mem 0x80000000-0xfdffffff window]
[   37.137349] pci_bus 0000:00: root bus resource [bus 00-ff]
[   37.224561] pci 0000:00:01.1: legacy IDE quirk: reg 0x10: [io  0x01f0-0x01f7]
[   37.346411] pci 0000:00:01.1: legacy IDE quirk: reg 0x14: [io  0x03f6]
[   37.475808] pci 0000:00:01.1: legacy IDE quirk: reg 0x18: [io  0x0170-0x0177]
[   37.618446] pci 0000:00:01.1: legacy IDE quirk: reg 0x1c: [io  0x0376]
[   37.758311] pci 0000:00:07.0: quirk: [io  0x4000-0x403f] claimed by PIIX4 ACPI
[   37.854857] pci 0000:00:07.0: quirk: [io  0x4100-0x410f] claimed by PIIX4 SMB
[   38.010100] ACPI: PCI Interrupt Link [LNKA] (IRQs 5 9 10 *11)
[   38.114184] ACPI: PCI Interrupt Link [LNKB] (IRQs 5 9 *10 11)
[   38.206470] ACPI: PCI Interrupt Link [LNKC] (IRQs 5 *9 10 11)
[   38.305993] ACPI: PCI Interrupt Link [LNKD] (IRQs 5 9 10 *11)
[   38.412963] ACPI: Enabled 2 GPEs in block 00 to 07
[   38.476803] vgaarb: setting as boot device: PCI:0000:00:02.0
[   38.583594] vgaarb: device added: PCI:0000:00:02.0,decodes=io+mem,owns=io+mem,locks=none
[   38.745319] vgaarb: loaded
[   38.786879] vgaarb: bridge control possible 0000:00:02.0
[   38.896616] SCSI subsystem initialized
[   38.956037] ACPI: bus type USB registered
[   39.028273] usbcore: registered new interface driver usbfs
[   39.112778] usbcore: registered new interface driver hub
[   39.210176] usbcore: registered new device driver usb
[   39.324783] PCI: Using ACPI for IRQ routing
[   39.400503] NetLabel: Initializing
[   39.460294] NetLabel:  domain hash size = 128
[   39.544454] NetLabel:  protocols = UNLABELED CIPSOv4
[   39.614210] NetLabel:  unlabeled traffic allowed by default
[   39.728530] amd_nb: Cannot ennmerate AMD northbridges
[   39.811825] clocksource: Switched to clocksource kvm-clock
[   9.941522 AArr:pprm Festem naed
[   4.3942]np P APIni
[ 407782pn P AI:foun 3evce
[   41.126141] clocksource: acpi_pm: mask: 0xffffff max_cycles: 0xffffff, max_idle_ns: 2085701024 ns
[   41.245612] NET: Registered protocol family 2
[   41.298126] TCP established hash table entries: 16384 (order: 5, 131072 bytes)
[   41.316787] TCP bind hash table entries: 16384 (order: 6, 262144 bytes)
[   41.375417] TCP: Hash tables configured (established 16384 bind 16384)
[   41.485287] UDP hash table entries: 1024 (order: 3, 32768 bytes)
[   41.555368] UDP-Lite hash table entries: 1024 (order: 3, 32768 bytes)
[   41.648649] NET: Registered protocol family 1
[   41.713575] pci 0000:00:00.0: Limiting direct PCI/PCI transfers
[   41.755533] pci 0000:00:01.0: Activating ISA DMA hang workarounds
[   41.830432] Unpacking initramfs...
[   43.573915] Freeing initrd memory: 10884K
[   43.728157] platform rtc_cmos: registered platform RTC device (no PNP device found)
[   43.903323] Scanning for low memory corruption every 60 seconds
[   44.000841] audit: initializing netlink subsys (disabled)
[   44.087978] audit: type=2000 audit(1525634052.832:1): initialized
[   44.225425] Initialise system trusted keyring
[   44.304681] HugeTLB registered 2 MB page size, pre-allocated 0 pages
[   44.387358] zbud: loaded
[   44.436370] VFS: Disk quotas dquot_6.6.0
[   44.484839] VFS: Dquot-cache hash table entries: 512 (order 0, 4096 bytes)
[   44.657148] squashfs: version 4.0 (2009/01/31) Phillip Lougher
[   44.773922] tsc: Refined TSC clocksource calibration: 2904.000 MHz
[   44.911824] clocksource: tsc: mask: 0xffffffffffffffff max_cycles: 0x29dc05e54fc, max_idle_ns: 440795291716 ns
[ 45757]us init (AP vsi 73)
[   45.588011] Key type big_key registered
[   45.701702] Allocating IMA MOK and blacklist keyrings.
[   45.797713] Key type asymmetric registered
[   45.846156] Asymmetric key parser 'x509' registered
[   45.888283] Block layer SCSI generic (bsg) driver version 0.4 loaded (major 249)
[   45.922386] io scheduler noop registered
[   45.971331] io scheduler deadline registered (default)
[   46.001962] io scheduler cfq registered
[   46.015998] pci_hotplug: PCI Hot Plug PCI Core version: 0.5
[   46.085463] pciehp: PCI Express Hot Plug Controller Driver version: 0.4
[   46.162289] ACPI: AC Adapter [AC] (on-line)
[   46.186098] input: Power Button as /devices/LNXSYSTM:00/LNXPWRBN:00/input/input0
[   46.275522] ACPI: Power Button [PWRF]
[   46.324775] input: Sleep Button as /devices/LNXSYSTM:00/LNXSLPBN:00/input/input1
[   46.395788] ACPI: Sleep Button [SLPF]
[   46.484851] GHES: HEST is not enabled!
[   46.485813] ACPI: Battery Slot [BAT0] (battery present)
[   46.630949] Serial: 8250/16550 driver, 32 ports, IRQ sharing enabled
[   46.760431] 00:02: ttyS0 at I/O 0x3f8 (irq = 4, base_baud = 115200) is a 16550A
[   46.842956] Linux agpgart interface v0.103
[   46.958675] loop: module loaded
[   47.025718] scsi host0: ata_piix
[   47.093296] scsi host1: ata_piix
[   47.192367] ata1: PATA max UDMA/33 cmd 0x1f0 ctl 0x3f6 bmdma 0xd000 irq 14
[   47.304784] ata2: PATA max UDMA/33 cmd 0x170 ctl 0x376 bmdma 0xd008 irq 15
[   47.392038] libphy: Fixed MDIO Bus: probed
[   47.504637] tun: Universal TUN/TAP device driver, 1.6
[   47.599231] tun: (C) 1999-2004 Max Krasnyansky <maxk@qualcomm.com>
[   47.757106] PPP generic driver version 2.4.2
[   47.845555] ehci_hcd: USB 2.0 'Enhanced' Host Controller (EHCI) Driver
[   47.993770] ehci-pci: EHCI PCI platform driver
[   48.066186] ehci-platform: EHCI generic platform driver
[   48.179913] ohci_hcd: USB 1.1 'Open' Host Controller (OHCI) Driver
[   48.323961] ohci-pci: OHCI PCI platform driver
[   48.383174] ohci-platform: OHCI generic platform driver
[   48.493869] uhci_hcd: USB Universal Host Controller Interface driver
[   48.605102] i8042: PNP: PS/2 Controller [PNP0303:PS2K,PNP0f03:PS2M] at 0x60,0x64 irq 1,12
[   48.712893] serio: i8042 KBD port at 0x60,0x64 irq 1
[   48.863342] serio: i8042 AUX port at 0x60,0x64 irq 12
[   48.997173] mousedev: PS/2 mouse device common for all mice
[   49.077394] rtc_cmos rtc_cmos: rtc core: registered rtc_cmos as rtc0
[   49.184450] rtc_cmos rtc_cmos: alarms up to one day, 114 bytes nvram
[   49.282622] input: AT Translated Set 2 keyboard as /devices/platform/i8042/serio0/input/input2
[   49.390595] i2c /dev entries driver
[   49.446952] device-mapper: uevent: version 1.0.3
[   49.488330] device-mapper: ioctl: 4.34.0-ioctl (2015-10-28) initialised: dm-devel@redhat.com
[   49.567927] ledtrig-cpu: registered to indicate activity on CPUs
[   49.686519] NET: Registered protocol family 10
[   49.771995] NET: Registered protocol family 17
[   49.880549] Key type dns_resolver registered
[   49.956509] registered taskstats version 1
[   50.000821] Loading compiled-in X.509 certificates
[   50.119414] Loaded X.509 cert 'Build time autogenerated kernel key: f854e06633b5f496ced5b2e02c7b14f761b69302'
[   50.386414] zswap: loaded using pool lzo/zbud
[   50.501224] Key type trusted registered
[   50.595805] Key type encrypted registered
[   50.660181] AppArmor: AppArmor sha1 policy hashing enabled
[   50.810941] ima: No TPM chip found, activating TPM-bypass!
[   50.882228] evm: HMAC attrs: 0x1
[   50.963109]   Magic number: 2:627:242
[   51.018422] rtc_cmos rtc_cmos: setting system clock to 2018-05-06 19:14:52 UTC (1525634092)
[   51.196545] BIOS EDD facility v0.16 2004-Jun-25, 0 devices found
[   51.352092] EDD information not available.
[   51.435882] Freeing unused kernel memory: 1508K
[   51.556415] Write protecting the kernel read-only data: 14336k
[   51.649015] Freeing unused kernel memory: 1696K
[   51.755096] Freeing unused kernel memory: 100K
Loading, please wait...
[   51.861698] random: systemd-udevd: uninitialized urandom read (16 bytes read, 7 bits of entropy available)
starting version[   51.862192] random: udevadm: uninitialized urandom read (16 bytes read, 7 bits of entropy available)
 229
[   51.862210] random: udevadm: uninitialized urandom read (16 bytes read, 7 bits of entropy available)
[   51.868495] random: udevadm: uninitialized urandom read (16 bytes read, 7 bits of entropy available)
[   51.868546] random: udevadm: uninitialized urandom read (16 bytes read, 7 bits of entropy available)
[   51.868698] random: udevadm: uninitialized urandom read (16 bytes read, 7 bits of entropy available)
[   51.868758] random: udevadm: uninitialized urandom read (16 bytes read, 7 bits of entropy available)
[   51.868799] random: udevadm: uninitialized urandom read (16 bytes read, 7 bits of entropy available)
[   51.868836] random: udevadm: uninitialized urandom read (16 bytes read, 7 bits of entropy available)
[   51.868907] random: udevadm: uninitialized urandom read (16 bytes read, 7 bits of entropy available)
[   53.778521] e1000: Intel(R) PRO/1000 Network Driver - version 7.3.21-k8-NAPI
[   53.944996] e1000: Copyright (c) 1999-2006 Intel Corporation.
[   54.015571] Fusion MPT base driver 3.04.20
[   54.128002] Copyright (c) 1999-2008 LSI Corporation
[   54.259125] Fusion MPT SPI Host driver 3.04.20
[   54.379490] AVX2 version of gcm_enc/dec engaged.
[   54.454871] AES CTR mode by8 optimization enabled
[   54.539998] input: ImExPS/2 Generic Explorer Mouse as /devices/platform/i8042/serio1/input/input4
[   54.745597] e1000 0000:00:03.0 eth0: (PCI:33MHz:32-bit) 02:1b:e7:ca:c1:c0
[   54.862974] e1000 0000:00:03.0 eth0: Intel(R) PRO/1000 Network Connection
[   55.373703] e1000 0000:00:08.0 eth1: (PCI:33MHz:32-bit) 08:00:27:90:a4:25
[   55.444301] e1000 0000:00:08.0 eth1: Intel(R) PRO/1000 Network Connection
[   55.566755] e1000 0000:00:08.0 enp0s8: renamed from eth1
[   55.621432] mptbase: ioc0: Initiating bringup
[   55.656333] e1000 0000:00:03.0 enp0s3: renamed from eth0
[   55.714680] ioc0: LSI53C1030 A0: Capabilities={Initiator}
[   56.793057] scsi host2: ioc0: LSI53C1030 A0, FwRev=00000000h, Ports=1, MaxQ=256, IRQ=20
[   57.404547] scsi 2:0:0:0: Direct-Access     VBOX     HARDDISK         1.0  PQ: 0 ANSI: 5
[   58.265753] floppy0: no floppy controllers found
[   58.265873] scsi target2:0:0: Beginning Domain Validation
[   58.267434] scsi target2:0:0: Domain Validation skipping write tests
[   58.267435] scsi target2:0:0: Ending Domain Validation
[   58.267489] scsi target2:0:0: asynchronous
[   58.360043] scsi 2:0:1:0: Direct-Access     VBOX     HARDDISK         1.0  PQ: 0 ANSI: 5
[   58.360050] scsi target2:0:1: Beginning Domain Validation
[   58.361614] scsi target2:0:1: Domain Validation skipping write tests
[   58.361615] scsi target2:0:1: Ending Domain Validation
[   58.361668] scsi target2:0:1: asynchronous
[   58.448923] sd 2:0:0:0: Attached scsi generic sg0 type 0
[   58.449122] sd 2:0:0:0: [sda] 20971520 512-byte logical blocks: (10.7 GB/10.0 GiB)
[   58.449137] sd 2:0:1:0: Attached scsi generic sg1 type 0
[   58.449624] sd 2:0:0:0: [sda] Write Protect is off
[   58.449650] sd 2:0:1:0: [sdb] 20480 512-byte logical blocks: (10.5 MB/10.0 MiB)
[   58.449899] sd 2:0:0:0: [sda] Incomplete mode parameter data
[   58.449900] sd 2:0:0:0: [sda] Assuming drive cache: write through
[   58.449984] sd 2:0:1:0: [sdb] Write Protect is off
[   58.450099] sd 2:0:1:0: [sdb] Incomplete mode parameter data
[   58.450101] sd 2:0:1:0: [sdb] Assuming drive cache: write through
[   58.451710]  sda: sda1
[   58.452746] sd 2:0:0:0: [sda] Attached SCSI disk
[   58.453292] sd 2:0:1:0: [sdb] Attached SCSI disk
Begin: Loading e[   61.880205] md: linear personality registered for level -1
ssential drivers[   62.010157] md: multipath personality registered for level -4
 ... [   62.155153] md: raid0 personality registered for level 0
[   62.267965] md: raid1 personality registered for level 1
[   62.448351] raid6: sse2x1   gen() 11175 MB/s
[   62.612344] raid6: sse2x1   xor()  8440 MB/s
[   62.751982] raid6: sse2x2   gen() 13750 MB/s
[   62.924390] raid6: sse2x2   xor()  9944 MB/s
[   63.100211] raid6: sse2x4   gen() 15483 MB/s
[   63.256019] raid6: sse2x4   xor()  9989 MB/s
[   63.416032] raid6: avx2x1   gen() 21318 MB/s
[   63.588075] raid6: avx2x2   gen() 25954 MB/s
[   63.743927] raid6: avx2x4   gen() 27925 MB/s
[   63.808364] raid6: using algorithm avx2x4 gen() 27925 MB/s
[   63.912865] raid6: using avx2x2 recovery algorithm
[   64.046650] xor: automatically using best checksumming function:
[   64.296355]    avx       : 21231.000 MB/sec
[   64.390508] async_tx: api initialized (async)
[   64.505136] md: raid6 personality registered for level 6
[   64.644804] md: raid5 personality registered for level 5
[   64.769077] md: raid4 personality registered for level 4
[   64.863711] md: raid10 personality registered for level 10
done.
Begin: Running /scripts/init-premount ... done.
Begin: Mounti[   64.984481] Btrfs loaded
ng root file system ... Begin: Running /scripts/local-top ... do[   65.049749] EXT4-fs (sda1): mounted filesystem with ordered data mode. Opts: (null)
ne.
Begin: Running /scripts/local-premount ... Scanning for Btrfs filesystems
done.
Warning: fsck not present, so skipping root file system
done.
Begin: Running /scripts/local-bottom ... done.
Begin: Running /scripts/init-bottom ... done.
[   65.378908] systemd[1]: systemd 229 running in system mode. (+PAM +AUDIT +SELINUX +IMA +APPARMOR +SMACK +SYSVINIT +UTMP +LIBCRYPTSETUP +GCRYPT +GNUTLS +ACL +XZ -LZ4 +SECCOMP +BLKID +ELFUTILS +KMOD -IDN)
[   65.652217] systemd[1]: Detected virtualization oracle.
[   65.680061] systemd[1]: Detected architecture x86-64.

Welcome to [1mUbuntu 16.04.4 LTS[0m!

[   65.796966] systemd[1]: Set hostname to <ubuntu-xenial>.
[   65.965561] random: nonblocking pool is initialized
[   66.149459] systemd[1]: Listening on udev Control Socket.
[[0;32m  OK  [0m] Listening on udev Control Socket.
[   66.176594] systemd[1]: Listening on LVM2 metadata daemon socket.
[[0;32m  OK  [0m] Listening on LVM2 metadata daemon socket.
[   66.340326] systemd[1]: Listening on Journal Audit Socket.
[[0;32m  OK  [0m] Listening on Journal Audit Socket.
[   66.448492] systemd[1]: Created slice User and Session Slice.
[[0;32m  OK  [0m] Created slice User and Session Slice.
[   66.549300] systemd[1]: Started Trigger resolvconf update for networkd DNS.
[[0;32m  OK  [0m] Started Trigger resolvconf update for networkd DNS.
[   66.689048] systemd[1]: Reached target Swap.
[[0;32m  OK  [0m] Reached target Swap.
[   66.824886] systemd[1]: Listening on udev Kernel Socket.
[[0;32m  OK  [0m] Listening on udev Kernel Socket.
[   66.996412] systemd[1]: Reached target Encrypted Volumes.
[[0;32m  OK  [0m] Reached target Encrypted Volumes.
[   67.112531] systemd[1]: Reached target User and Group Name Lookups.
[[0;32m  OK  [0m] Reached target User and Group Name Lookups.
[   67.246451] systemd[1]: Created slice System Slice.
[[0;32m  OK  [0m] Created slice System Slice.
[   67.348696] systemd[1]: Reached target Slices.
[[0;32m  OK  [0m] Reached target Slices.
[   67.465400] systemd[1]: Created slice system-serial\x2dgetty.slice.
[[0;32m  OK  [0m] Created slice system-serial\x2dgetty.slice.
[   67.642327] systemd[1]: Listening on Syslog Socket.
[[0;32m  OK  [0m] Listening on Syslog Socket.
[   67.745495] systemd[1]: Listening on Device-mapper event daemon FIFOs.
[[0;32m  OK  [0m] Listening on Device-mapper event daemon FIFOs.
[   67.916687] systemd[1]: Set up automount Arbitrary Executable File Formats File System Automount Point.
[[0;32m  OK  [0m] Set up automount Arbitrary Executab...ats File System Automount Point.
[   68.260523] systemd[1]: Listening on Journal Socket.
[[0;32m  OK  [0m] Listening on Journal Socket.
[   68.408387] systemd[1]: Starting Remount Root and Kernel File Systems...
[   68.417279] EXT4-fs (sda1): re-mounted. Opts: (null)
         Starting Remount Root and Kernel File Systems...
[   68.584595] systemd[1]: Starting Load Kernel Modules...
[   6824724 Ladg CS tnsrtlas v20-0.
         Startin[   69.116489] iscsi: registered transport (tcp)
g Load Kernel Modules...
[   69.203115] iscsi: registered transport (iser)
[   70.192730] systemd[1]: Starting Set console keymap...
         Starting Set console keymap...
[   70.332225] systemd[1]: Starting Nameserver information manager...
         Starting Nameserver information manager...
[   70.468410] systemd[1]: Mounting Huge Pages File System...
         Mounting Huge Pages File System...
[   70.588157] systemd[1]: Mounting Debug File System...
         Mounting Debug File System...
[   70.689580] systemd[1]: Listening on Journal Socket (/dev/log).
[[0;32m  OK  [0m] Listening on Journal Socket (/dev/log).
[   70.768285] systemd[1]: Mounting POSIX Message Queue File System...
         Mounting POSIX Message Queue File System...
[   70.896362] systemd[1]: Listening on LVM2 poll daemon socket.
[[0;32m  OK  [0m] Listening on LVM2 poll daemon socket.
[   70.976687] systemd[1]: Started Forward Password Requests to Wall Directory Watch.
[[0;32m  OK  [0m] Started Forward Password Requests to Wall Directory Watch.
[   71.108356] systemd[1]: Starting Uncomplicated firewall...
         Starting Uncomplicated firewall...
[   71.200393] systemd[1]: Listening on /dev/initctl Compatibility Named Pipe.
[[0;32m  OK  [0m] Listening on /dev/initctl Compatibility Named Pipe.
[   71.344248] systemd[1]: Starting Monitoring of LVM2 mirrors, snapshots etc. using dmeventd or progress polling...
         Starting Monitoring of LVM2 mirrors... dmeventd or progress polling...
[   71.576056] systemd[1]: Reached target System Time Synchronized.
[[0;32m  OK  [0m] Reached target System Time Synchronized.
[   71.740677] systemd[1]: Starting Create list of required static device nodes for the current kernel...
         Starting Create list of required st... nodes for the current kernel...
[   71.952196] systemd[1]: Starting Journal Service...
         Starting Journal Service...
[   72.073762] systemd[1]: Mounted POSIX Message Queue File System.
[[0;32m  OK  [0m] Mounted POSIX Message Queue File System.
[   72.180192] systemd[1]: Mounted Huge Pages File System.
[[0;32m  OK  [0m] Mounted Huge Pages File System.
[   72.316214] systemd[1]: Mounted Debug File System.
[[0;32m  OK  [0m] Mounted Debug File System.
[   72.444334] systemd[1]: Started Journal Service.
[[0;32m  OK  [0m] Started Journal Service.
[[0;32m  OK  [0m] Started Remount Root and Kernel File Systems.
[[0;32m  OK  [0m] Started Load Kernel Modules.
[[0;32m  OK  [0m] Started Set console keymap.
[[0;32m  OK  [0m] Started Uncomplicated firewall.
[[0;32m  OK  [0m] Started Create list of required sta...ce nodes for the current kernel.
[[0;32m  OK  [0m] Started Nameserver information manager.
[[0;32m  OK  [0m] Started LVM2 metadata daemon.
         Starting Create Static Device Nodes in /dev...
         Mounting FUSE Control File System...
         Starting Apply Kernel Variables...
         Starting Initial cloud-init job (pre-networking)...
         Starting udev Coldplug all Devices...
         Starting Load/Save Random Seed...
         Starting Flush Journal to Persistent Storage...
[[0;32m  OK  [0m] Mounted FUSE Control File System.
[[0;32m  OK  [0m] Started Monitoring of LVM2 mirrors,...ng dmeventd or progress polling.
[[0;32m  OK  [0m] Started Create Static Device Nodes in /dev.
[[0;32m  OK  [0m] Started Apply Kernel Variables.
[[0;32m  OK  [0m] Started Load/Save Random Seed.
[[0;32m  OK  [0m] Started udev Coldplug all Devices.
[[0;32m  OK  [0m] Started Flush Journal to Persistent Storage.
         Starting udev Kernel Device Manager...
[[0;32m  OK  [0m] Started udev Kernel Device Manager.
[[0;32m  OK  [0m] Started Dispatch Password Requests to Console Directory Watch.
[[   34.980834] cloud-init[447]: Cloud-init v. 17.2 running 'init-local' at Sun, 06 May 2018 19:15:15 +0000. Up 34.73 seconds.
[0;32m  OK  [0m] Reached target Local File Systems (Pre).
[[0;32m  OK  [0m] Reached target Local File Systems.
         Starting Set console font and keymap...
         Starting Create Volatile Files and Directories...
         Starting LSB: AppArmor initialization...
         Starting Tell Plymouth To Write Out Runtime Data...
[[0;32m  OK  [0m] Started Create Volatile Files and Directories.
[[0;32m  OK  [0m] Started Tell Plymouth To Write Out Runtime Data.
[[0;32m  OK  [0m] Started Initial cloud-init job (pre-networking).
[[0;32m  OK  [0m] Started Set console font and keymap.
[[0;32m  OK  [0m] Found device /dev/ttyS0.
[[0;32m  OK  [0m] Listening on Load/Save RF Kill Switch Status /dev/rfkill Watch.
[[0;32m  OK  [0m] Created slice system-getty.slice.
[[0;32m  OK  [0m] Reached target Network (Pre).
         Starting Update UTMP about System Boot/Shutdown...
[[0;32m  OK  [0m] Started LSB: AppArmor initialization.
[[0;32m  OK  [0m] Started ifup for enp0s3.
         Starting Raise network interfaces...
[[0;32m  OK  [0m] Started ifup for enp0s8.
[[0;32m  OK  [0m] Started Update UTMP about System Boot/Shutdown.
[[0;32m  OK  [0m] Started Raise network interfaces.
[[0;32m  OK  [0m] Reached target Network.
         Starting Initial cloud-init job (metadata service crawler)...
[   38.729084] cloud-init[1060]: Cloud-init v. 17.2 running 'init' at Sun, 06 May 2018 19:15:18 +0000. Up 38.44 seconds.
[   38.840521] cloud-init[1060]: ci-info: ++++++++++++++++++++++++++++++++++++++Net device info++++++++++++++++++++++++++++++++++++++
[   38.840825] cloud-init[1060]: ci-info: +--------+------+-----------------------------+---------------+-------+-------------------+
[[0;32m  OK  [0m] Started Initial cloud-init job (metadata service crawler).
[   38.841008] cloud-init[1060]: ci-info: | Device |  Up  |           Address           |      Mask     | Scope |     Hw-Address    |
[   39.312645] cloud-init[1060]: ci-info: +--------+------+-----------------------------+---------------+-------+-------------------+
[   39.313335] cloud-init[1060]: ci-info: | enp0s3 | True |          10.0.2.15          | 255.255.255.0 |   .   | 02:1b:e7:ca:c1:c0 |
[   39.313765] cloud-init[1060]: [ci-info: | enp0s3 | True |  fe80::1b:e7ff:feca:c1c0/64 |       .       |  link | 02:1b:e7:ca:c1:c0 |[0;32m  OK  [0m
] Reached target System Initialization.
[   39.313813] cloud-init[1060]: ci-info: | enp0s8 | True |        192.168.60.150       | 255.255.255.0 |   .   | 08:00:27:90:a4:25 |
[   39.848570] cloud-init[1060]: ci-info: | enp0s8 | True | fe80::a00:27ff:fe90:a425/64 |       .       |  link | 08:00:27:90:a4:25 |
[   39.848941] cloud-init[1060]: ci-info: |   lo   | True |          127.0.0.1          |   255.0.0.0   |   .   |         .         |
         Starting Docker Socket for the API.
[   39.849137] cloud-init[1060]: ci-info: |   lo   | True |           ::1/128           |       .       |  host |         .         |
[   40.276490] cloud-init[1060]: ci-info: +--------+------+-----------------------------+---------------+-------+-------------------+
[   40.277063] cloud-init[1060]: ci-info: ++++++++++++++++++++++++++++Route IPv4 info++++++++++++++++++++++++++++
         Starting Socket activation for snappy daemon.
[   40.277304] cloud-init[1060]: ci-info: +-------+--------------+----------+---------------+-----------+-------+
[   40.664356] cloud-init[1060]: ci-info: | Route | Destination  | Gateway  |    Genmask    | Interface | Flags |
[   40.664751] cloud-init[1060]: ci-info: +-------+--------------+----------+---------------+-----------+-------+
[[0;32m  OK  [0m] Started Timer to automatically refresh installed snaps.
[[   40.664947] cloud-init[1060]: ci-info: |   0   |   0.0.0.0    | 10.0.2.2 |    0.0.0.0    |   enp0s3  |   UG  |
[   40.969335] cloud-init[1060]: ci-info: |   1   |   10.0.2.0   | 0.0.0.0  | 255.255.255.0 |   enp0s3  |   U   |
[0;32m  OK  [0m] Listening on D-Bus System Message Bus Socket.
[   40.969512] cloud-init[1060]: ci-info: |   2   | 192.168.60.0 | 0.0.0.0  | 255.255.255.0 |   enp0s8  |   U   |
[   41.368682] cloud-init[1060]: ci-info: +-------+--------------+----------+---------------+-----------+-------+
[[0;32m  OK  [0m] Started ACPI Events Check.
[[0;32m  OK  [0m] Reached target Paths.
[[0;32m  OK  [0m] Started Daily apt download activities.
[[0;32m  OK  [0m] Listening on ACPID Listen Socket.
[[0;32m  OK  [0m] Listening on UUID daemon activation socket.
[[0;32m  OK  [0m] Started Daily apt upgrade and clean activities.
         Starting LXD - unix socket.
[[0;32m  OK  [0m] Started Daily Cleanup of Temporary Directories.
[[0;32m  OK  [0m] Reached target Timers.
[[0;32m  OK  [0m] Reached target Network is Online.
         Starting iSCSI initiator daemon (iscsid)...
[[0;32m  OK  [0m] Reached target Cloud-config availability.
[[0;32m  OK  [0m] Listening on Docker Socket for the API.
[[0;32m  OK  [0m] Listening on Socket activation for snappy daemon.
[[0;32m  OK  [0m] Listening on LXD - unix socket.
[[0;32m  OK  [0m] Started iSCSI initiator daemon (iscsid).
         Starting Login to default iSCSI targets...
[[0;32m  OK  [0m] Reached target Sockets.
[[0;32m  OK  [0m] Reached target Basic System.
         Starting Login Service...
[[0;32m  OK  [0m] Started Regular background program processing daemon.
         Starting LXD - container startup/shutdown...
         Starting LSB: MD monitoring daemon...
         Starting System Logging Service...
         Starting /etc/rc.local Compatibility...
         Starting Accounts Service...
[[0;32m  OK  [0m] Started Deferred execution scheduler.
[[0;32m  OK  [0m] Started Unattended Upgrades Shutdown.
         Starting Apply the settings specified in cloud-config...
         Starting Snappy daemon...
         Starting LSB: Record successful boot for GRUB...
         Starting OpenBSD Secure Shell server...
[[0;32m  OK  [0m] Started FUSE filesystem for LXC.
[[0;32m  OK  [0m] Started ACPI event daemon.
[[0;32m  OK  [0m] Started D-Bus System Message Bus.
[   43.557342] cloud-init[1147]: Cloud-init v. 17.2 running 'modules:config' at Sun, 06 May 2018 19:15:23 +0000. Up 43.44 seconds.
         Starting Virtualbox guest utils...
         Starting Docker Application Container Engine...
[[0;32m  OK  [0m] Started System Logging Service.
[[0;32m  OK  [0m] Started Snappy daemon.
[[0;32m  OK  [0m] Started OpenBSD Secure Shell server.
[[0;32m  OK  [0m] Started LXD - container startup/shutdown.
[[0;32m  OK  [0m] Started /etc/rc.local Compatibility.
[[0;32m  OK  [0m] Started Apply the settings specified in cloud-config.
[[0;32m  OK  [0m] Started Login to default iSCSI targets.
[[0;32m  OK  [0m] Started LSB: MD monitoring daemon.
[[0;32m  OK  [0m] Started LSB: Record successful boot for GRUB.
[[0;32m  OK  [0m] Started Login Service.
         Starting Authenticate and Authorize Users to Run Privileged Tasks...
[[0;32m  OK  [0m] Reached target Remote File Systems (Pre).
[[0;32m  OK  [0m] Reached target Remote File Systems.
         Starting LSB: Set the CPU Frequency Scaling governor to "ondemand"...
         Starting LSB: automatic crash report generation...
         Starting Permit User Sessions...
         Starting LSB: daemon to balance interrupts for SMP systems...
[[0;32m  OK  [0m] Started Virtualbox guest utils.
[[0;32m  OK  [0m] Started Permit User Sessions.
[[0;32m  OK  [0m] Started Authenticate and Authorize Users to Run Privileged Tasks.
[[0;32m  OK  [0m] Started Accounts Service.
[[0;32m  OK  [0m] Started LSB: Set the CPU Frequency Scaling governor to "ondemand".
[[0;32m  OK  [0m] Started LSB: automatic crash report generation.
         Starting Terminate Plymouth Boot Screen...
         Starting Hold until boot process finishes up...
[[0;32m  OK  [0m] Started LSB: daemon to balance interrupts for SMP systems.
[[0;32m  OK  [0m] Started Terminate Plymouth Boot Screen.
[[0;32m  OK  [0m] Started Hold until boot process finishes up.
         Starting Set console scheme...
[[0;32m  OK  [0m] Started Serial Getty on ttyS0.
[[0;32m  OK  [0m] Started Getty on tty1.
[[0;32m  OK  [0m] Reached target Login Prompts.
[[0;32m  OK  [0m] Started Set console scheme.
[[0;32m  OK  [0m] Started Docker Application Container Engine.
[[0;32m  OK  [0m] Reached target Multi-User System.
[[0;32m  OK  [0m] Reached target Graphical Interface.
         Starting Execute cloud user/final scripts...
         Starting Update UTMP about System Runlevel Changes...
[[0;32m  OK  [0m] Started Update UTMP about System Runlevel Changes.
[   46.238247] cloud-init[1738]: Cloud-init v. 17.2 running 'modules:final' at Sun, 06 May 2018 19:15:26 +0000. Up 46.11 seconds.
[   46.368672] [cloud-init[0;32m  OK  [0m[1738]: ] Cloud-init v. 17.2 finished at Sun, 06 May 2018 19:15:26 +0000. Datasource DataSourceNoCloud [seed=/dev/sdb][dsmode=net].  Up 46.23 secondsStarted Execute cloud user/final scripts.

         Starting Daily apt download activities...
[[0;32m  OK  [0m] Reached target Cloud-init target.

Ubuntu 16.04.4 LTS ubuntu-xenial ttyS0

ubuntu-xenial login: 